2026-08-08 15:12:42.201 [background-preinit] INFO  [o.h.validator.internal.util.Version] - HV000001: Hibernate Validator 8.0.3.Final
2026-08-08 15:12:42.237 [restartedMain] INFO  [br.com.lumiflow.LumiflowApplication] - Starting LumiflowApplication using Java 21.0.11 with PID 23460 (C:\Users\Johny\OneDrive\Repositorios Github\LumiFlow\target\classes started by Johny in C:\Users\Johny\OneDrive\Repositorios Github\LumiFlow)
2026-08-08 15:12:42.237 [restartedMain] INFO  [br.com.lumiflow.LumiflowApplication] - The following 1 profile is active: "dev"
2026-08-08 15:12:42.270 [restartedMain] INFO  [o.s.b.d.e.DevToolsPropertyDefaultsPostProcessor] - Devtools property defaults active! Set 'spring.devtools.add-properties' to 'false' to disable
2026-08-08 15:12:42.271 [restartedMain] INFO  [o.s.b.d.e.DevToolsPropertyDefaultsPostProcessor] - For additional web related logging consider setting the 'logging.level.web' property to 'DEBUG'
2026-08-08 15:12:43.535 [restartedMain] INFO  [o.s.b.w.e.tomcat.TomcatWebServer] - Tomcat initialized with port 8080 (http)
2026-08-08 15:12:43.545 [restartedMain] INFO  [o.a.coyote.http11.Http11NioProtocol] - Initializing ProtocolHandler ["http-nio-8080"]
2026-08-08 15:12:43.545 [restartedMain] INFO  [o.a.catalina.core.StandardService] - Starting service [Tomcat]
2026-08-08 15:12:43.546 [restartedMain] INFO  [o.a.catalina.core.StandardEngine] - Starting Servlet engine: [Apache Tomcat/10.1.55]
2026-08-08 15:12:43.576 [restartedMain] INFO  [o.a.c.c.C.[Tomcat].[localhost].[/]] - Initializing Spring embedded WebApplicationContext
2026-08-08 15:12:43.576 [restartedMain] INFO  [o.s.b.w.s.c.ServletWebServerApplicationContext] - Root WebApplicationContext: initialization completed in 1305 ms
2026-08-08 15:12:43.616 [restartedMain] WARN  [o.a.c.c.C.[Tomcat].[localhost].[/]] - Cannot deserialize session attribute [SPRING_SECURITY_CONTEXT] for session [A303960D0FA8A5C68A35F4EBA9B5B840]
2026-08-08 15:12:43.751 [restartedMain] INFO  [com.zaxxer.hikari.HikariDataSource] - HikariPool-1 - Starting...
2026-08-08 15:12:44.216 [restartedMain] INFO  [com.zaxxer.hikari.pool.HikariPool] - HikariPool-1 - Added connection org.postgresql.jdbc.PgConnection@1464efc1
2026-08-08 15:12:44.218 [restartedMain] INFO  [com.zaxxer.hikari.HikariDataSource] - HikariPool-1 - Start completed.
2026-08-08 15:12:44.239 [restartedMain] INFO  [org.flywaydb.core.FlywayExecutor] - Database: jdbc:postgresql://localhost:5432/lumiflow (PostgreSQL 18.4)
2026-08-08 15:12:44.259 [restartedMain] WARN  [o.f.c.i.database.base.Database] - Flyway upgrade recommended: PostgreSQL 18.4 is newer than this version of Flyway and support has not been tested. The latest supported version of PostgreSQL is 17.
2026-08-08 15:12:44.295 [restartedMain] INFO  [o.f.core.internal.command.DbValidate] - Successfully validated 2 migrations (execution time 00:00.025s)
2026-08-08 15:12:44.345 [restartedMain] INFO  [o.f.core.internal.command.DbMigrate] - Current version of schema "public": 2
2026-08-08 15:12:44.347 [restartedMain] INFO  [o.f.core.internal.command.DbMigrate] - Schema "public" is up to date. No migration necessary.
2026-08-08 15:12:44.412 [restartedMain] INFO  [o.h.jpa.internal.util.LogHelper] - HHH000204: Processing PersistenceUnitInfo [name: default]
2026-08-08 15:12:44.475 [restartedMain] INFO  [org.hibernate.Version] - HHH000412: Hibernate ORM core version 6.6.53.Final
2026-08-08 15:12:44.500 [restartedMain] INFO  [o.h.c.i.RegionFactoryInitiator] - HHH000026: Second-level cache disabled
2026-08-08 15:12:44.700 [restartedMain] INFO  [o.s.o.j.p.SpringPersistenceUnitInfo] - No LoadTimeWeaver setup: ignoring JPA class transformer
2026-08-08 15:12:44.752 [restartedMain] WARN  [org.hibernate.orm.deprecation] - HHH90000025: PostgreSQLDialect does not need to be specified explicitly using 'hibernate.dialect' (remove the property setting and it will be selected by default)
2026-08-08 15:12:44.761 [restartedMain] INFO  [o.hibernate.orm.connections.pooling] - HHH10001005: Database info:
	Database JDBC URL [Connecting through datasource 'HikariDataSource (HikariPool-1)']
	Database driver: undefined/unknown
	Database version: 18.4
	Autocommit mode: undefined/unknown
	Isolation level: undefined/unknown
	Minimum pool size: undefined/unknown
	Maximum pool size: undefined/unknown
2026-08-08 15:12:45.606 [restartedMain] INFO  [o.h.e.t.j.p.i.JtaPlatformInitiator] - HHH000489: No JTA platform available (set 'hibernate.transaction.jta.platform' to enable JTA platform integration)
2026-08-08 15:12:45.647 [restartedMain] INFO  [o.s.o.j.LocalContainerEntityManagerFactoryBean] - Initialized JPA EntityManagerFactory for persistence unit 'default'
2026-08-08 15:12:46.223 [restartedMain] WARN  [o.s.b.a.o.j.JpaBaseConfiguration$JpaWebConfiguration] - spring.jpa.open-in-view is enabled by default. Therefore, database queries may be performed during view rendering. Explicitly configure spring.jpa.open-in-view to disable this warning
2026-08-08 15:12:46.693 [restartedMain] INFO  [o.s.b.d.a.OptionalLiveReloadServer] - LiveReload server is running on port 35729
2026-08-08 15:12:46.705 [restartedMain] INFO  [o.a.coyote.http11.Http11NioProtocol] - Starting ProtocolHandler ["http-nio-8080"]
2026-08-08 15:12:46.718 [restartedMain] INFO  [o.s.b.w.e.tomcat.TomcatWebServer] - Tomcat started on port 8080 (http) with context path '/'
2026-08-08 15:12:46.722 [restartedMain] INFO  [br.com.lumiflow.LumiflowApplication] - Started LumiflowApplication in 4.848 seconds (process running for 5.311)
2026-08-08 15:22:57.605 [SpringApplicationShutdownHook] INFO  [o.s.b.w.e.tomcat.GracefulShutdown] - Commencing graceful shutdown. Waiting for active requests to complete
2026-08-08 15:22:57.608 [tomcat-shutdown] INFO  [o.s.b.w.e.tomcat.GracefulShutdown] - Graceful shutdown complete
2026-08-08 15:22:57.612 [SpringApplicationShutdownHook] INFO  [o.s.o.j.LocalContainerEntityManagerFactoryBean] - Closing JPA EntityManagerFactory for persistence unit 'default'
2026-08-08 15:22:57.614 [SpringApplicationShutdownHook] INFO  [com.zaxxer.hikari.HikariDataSource] - HikariPool-1 - Shutdown initiated...
2026-08-08 15:22:57.615 [SpringApplicationShutdownHook] INFO  [com.zaxxer.hikari.HikariDataSource] - HikariPool-1 - Shutdown completed.
2026-08-08 15:23:26.179 [background-preinit] INFO  [o.h.validator.internal.util.Version] - HV000001: Hibernate Validator 8.0.3.Final
2026-08-08 15:23:26.202 [restartedMain] INFO  [br.com.lumiflow.LumiflowApplication] - Starting LumiflowApplication using Java 21.0.11 with PID 8624 (C:\Users\Johny\OneDrive\Repositorios Github\LumiFlow\target\classes started by Johny in C:\Users\Johny\OneDrive\Repositorios Github\LumiFlow)
2026-08-08 15:23:26.202 [restartedMain] INFO  [br.com.lumiflow.LumiflowApplication] - The following 1 profile is active: "dev"
2026-08-08 15:23:26.224 [restartedMain] INFO  [o.s.b.d.e.DevToolsPropertyDefaultsPostProcessor] - Devtools property defaults active! Set 'spring.devtools.add-properties' to 'false' to disable
2026-08-08 15:23:26.224 [restartedMain] INFO  [o.s.b.d.e.DevToolsPropertyDefaultsPostProcessor] - For additional web related logging consider setting the 'logging.level.web' property to 'DEBUG'
2026-08-08 15:23:27.022 [restartedMain] INFO  [o.s.b.w.e.tomcat.TomcatWebServer] - Tomcat initialized with port 8080 (http)
2026-08-08 15:23:27.029 [restartedMain] INFO  [o.a.coyote.http11.Http11NioProtocol] - Initializing ProtocolHandler ["http-nio-8080"]
2026-08-08 15:23:27.031 [restartedMain] INFO  [o.a.catalina.core.StandardService] - Starting service [Tomcat]
2026-08-08 15:23:27.031 [restartedMain] INFO  [o.a.catalina.core.StandardEngine] - Starting Servlet engine: [Apache Tomcat/10.1.55]
2026-08-08 15:23:27.054 [restartedMain] INFO  [o.a.c.c.C.[Tomcat].[localhost].[/]] - Initializing Spring embedded WebApplicationContext
2026-08-08 15:23:27.054 [restartedMain] INFO  [o.s.b.w.s.c.ServletWebServerApplicationContext] - Root WebApplicationContext: initialization completed in 830 ms
2026-08-08 15:23:27.189 [restartedMain] INFO  [com.zaxxer.hikari.HikariDataSource] - HikariPool-1 - Starting...
2026-08-08 15:23:27.292 [restartedMain] INFO  [com.zaxxer.hikari.pool.HikariPool] - HikariPool-1 - Added connection org.postgresql.jdbc.PgConnection@1b4bc0a0
2026-08-08 15:23:27.293 [restartedMain] INFO  [com.zaxxer.hikari.HikariDataSource] - HikariPool-1 - Start completed.
2026-08-08 15:23:27.308 [restartedMain] INFO  [org.flywaydb.core.FlywayExecutor] - Database: jdbc:postgresql://localhost:5432/lumiflow (PostgreSQL 18.4)
2026-08-08 15:23:27.312 [restartedMain] WARN  [o.f.c.i.database.base.Database] - Flyway upgrade recommended: PostgreSQL 18.4 is newer than this version of Flyway and support has not been tested. The latest supported version of PostgreSQL is 17.
2026-08-08 15:23:27.332 [restartedMain] INFO  [o.f.core.internal.command.DbValidate] - Successfully validated 2 migrations (execution time 00:00.014s)
2026-08-08 15:23:27.371 [restartedMain] INFO  [o.f.core.internal.command.DbMigrate] - Current version of schema "public": 2
2026-08-08 15:23:27.372 [restartedMain] INFO  [o.f.core.internal.command.DbMigrate] - Schema "public" is up to date. No migration necessary.
2026-08-08 15:23:27.416 [restartedMain] INFO  [o.h.jpa.internal.util.LogHelper] - HHH000204: Processing PersistenceUnitInfo [name: default]
2026-08-08 15:23:27.441 [restartedMain] INFO  [org.hibernate.Version] - HHH000412: Hibernate ORM core version 6.6.53.Final
2026-08-08 15:23:27.457 [restartedMain] INFO  [o.h.c.i.RegionFactoryInitiator] - HHH000026: Second-level cache disabled
2026-08-08 15:23:27.603 [restartedMain] INFO  [o.s.o.j.p.SpringPersistenceUnitInfo] - No LoadTimeWeaver setup: ignoring JPA class transformer
2026-08-08 15:23:27.630 [restartedMain] WARN  [org.hibernate.orm.deprecation] - HHH90000025: PostgreSQLDialect does not need to be specified explicitly using 'hibernate.dialect' (remove the property setting and it will be selected by default)
2026-08-08 15:23:27.638 [restartedMain] INFO  [o.hibernate.orm.connections.pooling] - HHH10001005: Database info:
	Database JDBC URL [Connecting through datasource 'HikariDataSource (HikariPool-1)']
	Database driver: undefined/unknown
	Database version: 18.4
	Autocommit mode: undefined/unknown
	Isolation level: undefined/unknown
	Minimum pool size: undefined/unknown
	Maximum pool size: undefined/unknown
2026-08-08 15:23:28.265 [restartedMain] INFO  [o.h.e.t.j.p.i.JtaPlatformInitiator] - HHH000489: No JTA platform available (set 'hibernate.transaction.jta.platform' to enable JTA platform integration)
2026-08-08 15:23:28.285 [restartedMain] INFO  [o.s.o.j.LocalContainerEntityManagerFactoryBean] - Initialized JPA EntityManagerFactory for persistence unit 'default'
2026-08-08 15:23:28.775 [restartedMain] WARN  [o.s.b.a.o.j.JpaBaseConfiguration$JpaWebConfiguration] - spring.jpa.open-in-view is enabled by default. Therefore, database queries may be performed during view rendering. Explicitly configure spring.jpa.open-in-view to disable this warning
2026-08-08 15:23:29.138 [restartedMain] INFO  [o.s.b.d.a.OptionalLiveReloadServer] - LiveReload server is running on port 35729
2026-08-08 15:23:29.150 [restartedMain] INFO  [o.a.coyote.http11.Http11NioProtocol] - Starting ProtocolHandler ["http-nio-8080"]
2026-08-08 15:23:29.160 [restartedMain] INFO  [o.s.b.w.e.tomcat.TomcatWebServer] - Tomcat started on port 8080 (http) with context path '/'
2026-08-08 15:23:29.165 [restartedMain] INFO  [br.com.lumiflow.LumiflowApplication] - Started LumiflowApplication in 3.322 seconds (process running for 3.731)
2026-08-08 15:23:37.735 [SpringApplicationShutdownHook] INFO  [o.s.b.w.e.tomcat.GracefulShutdown] - Commencing graceful shutdown. Waiting for active requests to complete
2026-08-08 15:23:37.737 [tomcat-shutdown] INFO  [o.s.b.w.e.tomcat.GracefulShutdown] - Graceful shutdown complete
2026-08-08 15:23:37.741 [SpringApplicationShutdownHook] INFO  [o.s.o.j.LocalContainerEntityManagerFactoryBean] - Closing JPA EntityManagerFactory for persistence unit 'default'
2026-08-08 15:23:37.744 [SpringApplicationShutdownHook] INFO  [com.zaxxer.hikari.HikariDataSource] - HikariPool-1 - Shutdown initiated...
2026-08-08 15:23:37.746 [SpringApplicationShutdownHook] INFO  [com.zaxxer.hikari.HikariDataSource] - HikariPool-1 - Shutdown completed.
